NOTE fun = life - main -- start dbg
TOP fun = set_current_module
module = 0x7f7b30737ec0 
BOTTOM fun = set_current_module
TOP fun = set_current_module
module = 0x7f7b30737ec0 
BOTTOM fun = set_current_module
TOP fun = update_symbol
symbol = ,
module = 0x7f7b30737ec0
TOP fun = update_symbol
symbol = [
module = 0x7f7b30737ec0
TOP fun = update_symbol
symbol = ]
module = 0x7f7b30737ec0
TOP fun = update_symbol
symbol = (
module = 0x7f7b30737ec0
TOP fun = update_symbol
symbol = )
module = 0x7f7b30737ec0
TOP fun = update_symbol
symbol = {
module = 0x7f7b30737ec0
TOP fun = update_symbol
symbol = }
module = 0x7f7b30737ec0
TOP fun = update_symbol
symbol = .
module = 0x7f7b30737ec0
TOP fun = update_symbol
symbol = ?
module = 0x7f7b30737ec0
TOP fun = update_symbol
symbol = !
module = 0x7f7b30737ec0
TOP fun = update_symbol
symbol = :
module = 0x7f7b30737ec0
TOP fun = update_symbol
symbol = ,
module = 0x7f7b30737ec0
TOP fun = update_symbol
symbol = {}
module = 0x7f7b30737ec0
TOP fun = update_symbol
symbol = end_of_file
module = 0x7f7b30737ec0
TOP fun = update_symbol
symbol = =
module = 0x7f7b30737ec0
TOP fun = update_symbol
symbol = <-
module = 0x7f7b30737ec0
TOP fun = update_symbol
symbol = ->
module = 0x7f7b30737ec0
TOP fun = update_symbol
symbol = ;
module = 0x7f7b30737ec0
TOP fun = update_symbol
symbol = -
module = 0x7f7b30737ec0
TOP fun = update_symbol
symbol = :-
module = 0x7f7b30737ec0
TOP fun = update_symbol
symbol = `
module = 0x7f7b30737ec0
TOP fun = update_symbol
symbol = |
module = 0x7f7b30737ec0
TOP fun = update_symbol
symbol = @
module = 0x7f7b30737ec0
TOP fun = update_symbol
symbol = ::
module = 0x7f7b30737ec0
TOP fun = update_symbol
symbol = < . >
module = 0x7f7b30737ec0
TOP fun = update_symbol
symbol = < ? >
module = 0x7f7b30737ec0
TOP fun = set_current_module
module = 0x7f7b30737fd8 
BOTTOM fun = set_current_module
TOP fun = update_symbol
symbol = *** ERROR ***
module = 0x7f7b30737fd8
TOP fun = update_symbol
symbol = apply
module = 0x7f7b30737fd8
TOP fun = update_symbol
symbol = bool
module = 0x7f7b30737fd8
TOP fun = update_symbol
symbol = bool_pred
module = 0x7f7b30737fd8
TOP fun = update_symbol
symbol = built_in
module = 0x7f7b30737fd8
TOP fun = update_symbol
symbol = call_once
module = 0x7f7b30737fd8
TOP fun = update_symbol
symbol = comment
module = 0x7f7b30737fd8
TOP fun = update_symbol
symbol = *constant*
module = 0x7f7b30737fd8
TOP fun = update_symbol
symbol = disj
module = 0x7f7b30737fd8
TOP fun = update_symbol
symbol = false
module = 0x7f7b30737fd8
TOP fun = update_symbol
symbol = functor
module = 0x7f7b30737fd8
TOP fun = update_symbol
symbol = cond
module = 0x7f7b30737fd8
TOP fun = update_symbol
symbol = int
module = 0x7f7b30737fd8
TOP fun = update_symbol
symbol = cons
module = 0x7f7b30737fd8
TOP fun = update_symbol
symbol = bottom
module = 0x7f7b30737fd8
TOP fun = update_symbol
symbol = nil
module = 0x7f7b30737fd8
TOP fun = update_symbol
symbol = string
module = 0x7f7b30737fd8
TOP fun = update_symbol
symbol = real
module = 0x7f7b30737fd8
TOP fun = update_symbol
symbol = stream
module = 0x7f7b30737fd8
TOP fun = update_symbol
symbol = succeed
module = 0x7f7b30737fd8
TOP fun = update_symbol
symbol = true
module = 0x7f7b30737fd8
TOP fun = update_symbol
symbol = time
module = 0x7f7b30737fd8
TOP fun = update_symbol
symbol = *variable*
module = 0x7f7b30737fd8
TOP fun = update_symbol
symbol = op
module = 0x7f7b30737fd8
TOP fun = update_symbol
symbol = load
module = 0x7f7b30737fd8
TOP fun = update_symbol
symbol = dynamic
module = 0x7f7b30737fd8
TOP fun = update_symbol
symbol = static
module = 0x7f7b30737fd8
TOP fun = update_symbol
symbol = encode
module = 0x7f7b30737fd8
TOP fun = update_symbol
symbol = c_listing
module = 0x7f7b30737fd8
TOP fun = update_symbol
symbol = delay_check
module = 0x7f7b30737fd8
TOP fun = update_symbol
symbol = non_strict
module = 0x7f7b30737fd8
TOP fun = update_symbol
symbol = input_file
module = 0x7f7b30737fd8
TOP fun = update_symbol
symbol = call_handler
module = 0x7f7b30737fd8
TOP fun = update_symbol
symbol = xf
module = 0x7f7b30737fd8
TOP fun = update_symbol
symbol = yf
module = 0x7f7b30737fd8
TOP fun = update_symbol
symbol = fx
module = 0x7f7b30737fd8
TOP fun = update_symbol
symbol = fy
module = 0x7f7b30737fd8
TOP fun = update_symbol
symbol = xfx
module = 0x7f7b30737fd8
TOP fun = update_symbol
symbol = xfy
module = 0x7f7b30737fd8
TOP fun = update_symbol
symbol = yfx
module = 0x7f7b30737fd8
TOP fun = update_symbol
symbol = <NULL PSI TERM>
module = 0x7f7b30737fd8
TOP fun = set_current_module
module = 0x7f7b30737f78 
BOTTOM fun = set_current_module
TOP fun = update_symbol
symbol = 1
module = 0x7f7b30737f78
TOP fun = update_symbol
symbol = 2
module = 0x7f7b30737f78
TOP fun = update_symbol
symbol = 3
module = 0x7f7b30737f78
TOP fun = set_current_module
module = 0x7f7b30737fd8 
BOTTOM fun = set_current_module
TOP fun = update_symbol
symbol = year
module = 0x7f7b30737fd8
TOP fun = update_symbol
symbol = month
module = 0x7f7b30737fd8
TOP fun = update_symbol
symbol = day
module = 0x7f7b30737fd8
TOP fun = update_symbol
symbol = hour
module = 0x7f7b30737fd8
TOP fun = update_symbol
symbol = minute
module = 0x7f7b30737fd8
TOP fun = update_symbol
symbol = second
module = 0x7f7b30737fd8
TOP fun = update_symbol
symbol = weekday
module = 0x7f7b30737fd8
TOP fun = update_symbol
symbol = dynamic
module = 0x7f7b30737fd8
TOP fun = update_symbol
symbol = static
module = 0x7f7b30737fd8
TOP fun = update_symbol
symbol = assert
module = 0x7f7b30737fd8
TOP fun = update_symbol
symbol = asserta
module = 0x7f7b30737fd8
TOP fun = update_symbol
symbol = clause
module = 0x7f7b30737fd8
TOP fun = update_symbol
symbol = retract
module = 0x7f7b30737fd8
TOP fun = update_symbol
symbol = setq
module = 0x7f7b30737fd8
TOP fun = update_symbol
symbol = c_listing
module = 0x7f7b30737fd8
TOP fun = update_symbol
symbol = print_codes
module = 0x7f7b30737fd8
TOP fun = update_symbol
symbol = get
module = 0x7f7b30737fd8
TOP fun = update_symbol
symbol = put
module = 0x7f7b30737fd8
TOP fun = update_symbol
symbol = open_in
module = 0x7f7b30737fd8
TOP fun = update_symbol
symbol = open_out
module = 0x7f7b30737fd8
TOP fun = update_symbol
symbol = set_input
module = 0x7f7b30737fd8
TOP fun = update_symbol
symbol = set_output
module = 0x7f7b30737fd8
TOP fun = update_symbol
symbol = exists_file
module = 0x7f7b30737fd8
TOP fun = update_symbol
symbol = close
module = 0x7f7b30737fd8
TOP fun = update_symbol
symbol = simple_load
module = 0x7f7b30737fd8
TOP fun = update_symbol
symbol = put_err
module = 0x7f7b30737fd8
TOP fun = update_symbol
symbol = chdir
module = 0x7f7b30737fd8
TOP fun = update_symbol
symbol = write
module = 0x7f7b30737fd8
TOP fun = update_symbol
symbol = writeq
module = 0x7f7b30737fd8
TOP fun = update_symbol
symbol = pretty_write
module = 0x7f7b30737fd8
TOP fun = update_symbol
symbol = pretty_writeq
module = 0x7f7b30737fd8
TOP fun = update_symbol
symbol = write_canonical
module = 0x7f7b30737fd8
TOP fun = update_symbol
symbol = page_width
module = 0x7f7b30737fd8
TOP fun = update_symbol
symbol = print_depth
module = 0x7f7b30737fd8
TOP fun = update_symbol
symbol = put_err
module = 0x7f7b30737fd8
TOP fun = update_symbol
symbol = parse
module = 0x7f7b30737fd8
TOP fun = update_symbol
symbol = read
module = 0x7f7b30737fd8
TOP fun = update_symbol
symbol = read_token
module = 0x7f7b30737fd8
TOP fun = update_symbol
symbol = c_op
module = 0x7f7b30737fd8
TOP fun = update_symbol
symbol = ops
module = 0x7f7b30737fd8
TOP fun = update_symbol
symbol = write_err
module = 0x7f7b30737fd8
TOP fun = update_symbol
symbol = writeq_err
module = 0x7f7b30737fd8
TOP fun = update_symbol
symbol = nonvar
module = 0x7f7b30737fd8
TOP fun = update_symbol
symbol = var
module = 0x7f7b30737fd8
TOP fun = update_symbol
symbol = is_function
module = 0x7f7b30737fd8
TOP fun = update_symbol
symbol = is_predicate
module = 0x7f7b30737fd8
TOP fun = update_symbol
symbol = is_sort
module = 0x7f7b30737fd8
TOP fun = update_symbol
symbol = disj
module = 0x7f7b30737fd8
TOP fun = set_current_module
module = 0x7f7b30737ec0 
BOTTOM fun = set_current_module
TOP fun = update_symbol
symbol = *
module = 0x7f7b30737ec0
TOP fun = update_symbol
symbol = +
module = 0x7f7b30737ec0
TOP fun = update_symbol
symbol = -
module = 0x7f7b30737ec0
TOP fun = update_symbol
symbol = /
module = 0x7f7b30737ec0
TOP fun = update_symbol
symbol = //
module = 0x7f7b30737ec0
TOP fun = update_symbol
symbol = mod
module = 0x7f7b30737ec0
TOP fun = update_symbol
symbol = /\
module = 0x7f7b30737ec0
TOP fun = update_symbol
symbol = \/
module = 0x7f7b30737ec0
TOP fun = update_symbol
symbol = \
module = 0x7f7b30737ec0
TOP fun = update_symbol
symbol = >>
module = 0x7f7b30737ec0
TOP fun = update_symbol
symbol = <<
module = 0x7f7b30737ec0
TOP fun = set_current_module
module = 0x7f7b30737fd8 
BOTTOM fun = set_current_module
TOP fun = update_symbol
symbol = floor
module = 0x7f7b30737fd8
TOP fun = update_symbol
symbol = ceiling
module = 0x7f7b30737fd8
TOP fun = update_symbol
symbol = exp
module = 0x7f7b30737fd8
TOP fun = update_symbol
symbol = log
module = 0x7f7b30737fd8
TOP fun = update_symbol
symbol = cos
module = 0x7f7b30737fd8
TOP fun = update_symbol
symbol = sin
module = 0x7f7b30737fd8
TOP fun = update_symbol
symbol = tan
module = 0x7f7b30737fd8
TOP fun = update_symbol
symbol = sqrt
module = 0x7f7b30737fd8
TOP fun = set_current_module
module = 0x7f7b30737ec0 
BOTTOM fun = set_current_module
TOP fun = update_symbol
symbol = <
module = 0x7f7b30737ec0
TOP fun = update_symbol
symbol = =<
module = 0x7f7b30737ec0
TOP fun = update_symbol
symbol = >
module = 0x7f7b30737ec0
TOP fun = update_symbol
symbol = >=
module = 0x7f7b30737ec0
TOP fun = update_symbol
symbol = =\=
module = 0x7f7b30737ec0
TOP fun = update_symbol
symbol = =:=
module = 0x7f7b30737ec0
TOP fun = update_symbol
symbol = and
module = 0x7f7b30737ec0
TOP fun = update_symbol
symbol = or
module = 0x7f7b30737ec0
TOP fun = update_symbol
symbol = not
module = 0x7f7b30737ec0
TOP fun = update_symbol
symbol = xor
module = 0x7f7b30737ec0
TOP fun = update_symbol
symbol = ===
module = 0x7f7b30737ec0
TOP fun = update_symbol
symbol = \===
module = 0x7f7b30737ec0
TOP fun = set_current_module
module = 0x7f7b30737fd8 
BOTTOM fun = set_current_module
TOP fun = update_symbol
symbol = features
module = 0x7f7b30737fd8
TOP fun = update_symbol
symbol = feature_values
module = 0x7f7b30737fd8
TOP fun = set_current_module
module = 0x7f7b30737ec0 
BOTTOM fun = set_current_module
TOP fun = update_symbol
symbol = .
module = 0x7f7b30737ec0
TOP fun = set_current_module
module = 0x7f7b30737fd8 
BOTTOM fun = set_current_module
TOP fun = update_symbol
symbol = root_sort
module = 0x7f7b30737fd8
TOP fun = update_symbol
symbol = strip
module = 0x7f7b30737fd8
TOP fun = update_symbol
symbol = copy_pointer
module = 0x7f7b30737fd8
TOP fun = update_symbol
symbol = has_feature
module = 0x7f7b30737fd8
TOP fun = set_current_module
module = 0x7f7b30737ec0 
BOTTOM fun = set_current_module
TOP fun = update_symbol
symbol = <-
module = 0x7f7b30737ec0
TOP fun = update_symbol
symbol = <<-
module = 0x7f7b30737ec0
TOP fun = update_symbol
symbol = {}
module = 0x7f7b30737ec0
TOP fun = update_symbol
symbol = =
module = 0x7f7b30737ec0
TOP fun = update_symbol
symbol = &
module = 0x7f7b30737ec0
TOP fun = set_current_module
module = 0x7f7b30737fd8 
BOTTOM fun = set_current_module
TOP fun = update_symbol
symbol = copy_term
module = 0x7f7b30737fd8
TOP fun = set_current_module
module = 0x7f7b30737ec0 
BOTTOM fun = set_current_module
TOP fun = update_symbol
symbol = :=<
module = 0x7f7b30737ec0
TOP fun = update_symbol
symbol = :<
module = 0x7f7b30737ec0
TOP fun = update_symbol
symbol = :>=
module = 0x7f7b30737ec0
TOP fun = update_symbol
symbol = :>
module = 0x7f7b30737ec0
TOP fun = update_symbol
symbol = :==
module = 0x7f7b30737ec0
TOP fun = update_symbol
symbol = :><
module = 0x7f7b30737ec0
TOP fun = update_symbol
symbol = :\=<
module = 0x7f7b30737ec0
TOP fun = update_symbol
symbol = :\<
module = 0x7f7b30737ec0
TOP fun = update_symbol
symbol = :\>=
module = 0x7f7b30737ec0
TOP fun = update_symbol
symbol = :\>
module = 0x7f7b30737ec0
TOP fun = update_symbol
symbol = :\==
module = 0x7f7b30737ec0
TOP fun = update_symbol
symbol = :\><
module = 0x7f7b30737ec0
TOP fun = set_current_module
module = 0x7f7b30737fd8 
BOTTOM fun = set_current_module
TOP fun = update_symbol
symbol = is_value
module = 0x7f7b30737fd8
TOP fun = update_symbol
symbol = is_number
module = 0x7f7b30737fd8
TOP fun = update_symbol
symbol = is_function
module = 0x7f7b30737fd8
TOP fun = update_symbol
symbol = is_predicate
module = 0x7f7b30737fd8
TOP fun = update_symbol
symbol = is_sort
module = 0x7f7b30737fd8
TOP fun = update_symbol
symbol = is_persistent
module = 0x7f7b30737fd8
TOP fun = update_symbol
symbol = children
module = 0x7f7b30737fd8
TOP fun = update_symbol
symbol = parents
module = 0x7f7b30737fd8
TOP fun = update_symbol
symbol = least_sorts
module = 0x7f7b30737fd8
TOP fun = update_symbol
symbol = subsort
module = 0x7f7b30737fd8
TOP fun = update_symbol
symbol = glb
module = 0x7f7b30737fd8
TOP fun = update_symbol
symbol = lub
module = 0x7f7b30737fd8
TOP fun = update_symbol
symbol = str2psi
module = 0x7f7b30737fd8
TOP fun = update_symbol
symbol = psi2str
module = 0x7f7b30737fd8
TOP fun = update_symbol
symbol = int2str
module = 0x7f7b30737fd8
TOP fun = update_symbol
symbol = asc
module = 0x7f7b30737fd8
TOP fun = update_symbol
symbol = chr
module = 0x7f7b30737fd8
TOP fun = set_current_module
module = 0x7f7b30737ec0 
BOTTOM fun = set_current_module
TOP fun = update_symbol
symbol = |
module = 0x7f7b30737ec0
TOP fun = set_current_module
module = 0x7f7b30737fd8 
BOTTOM fun = set_current_module
TOP fun = update_symbol
symbol = cond
module = 0x7f7b30737fd8
TOP fun = update_symbol
symbol = if
module = 0x7f7b30737fd8
TOP fun = update_symbol
symbol = eval
module = 0x7f7b30737fd8
TOP fun = update_symbol
symbol = evalin
module = 0x7f7b30737fd8
TOP fun = update_symbol
symbol = print_variables
module = 0x7f7b30737fd8
TOP fun = update_symbol
symbol = get_choice
module = 0x7f7b30737fd8
TOP fun = update_symbol
symbol = set_choice
module = 0x7f7b30737fd8
TOP fun = update_symbol
symbol = exists_choice
module = 0x7f7b30737fd8
TOP fun = update_symbol
symbol = apply
module = 0x7f7b30737fd8
TOP fun = update_symbol
symbol = bool_pred
module = 0x7f7b30737fd8
TOP fun = set_current_module
module = 0x7f7b30737ec0 
BOTTOM fun = set_current_module
TOP fun = update_symbol
symbol = :-
module = 0x7f7b30737ec0
TOP fun = update_symbol
symbol = ->
module = 0x7f7b30737ec0
TOP fun = update_symbol
symbol = <|
module = 0x7f7b30737ec0
TOP fun = update_symbol
symbol = :=
module = 0x7f7b30737ec0
TOP fun = update_symbol
symbol = ;
module = 0x7f7b30737ec0
TOP fun = update_symbol
symbol = !
module = 0x7f7b30737ec0
TOP fun = update_symbol
symbol = ,
module = 0x7f7b30737ec0
TOP fun = set_current_module
module = 0x7f7b30737fd8 
BOTTOM fun = set_current_module
TOP fun = update_symbol
symbol = abort
module = 0x7f7b30737fd8
TOP fun = update_symbol
symbol = halt
module = 0x7f7b30737fd8
TOP fun = update_symbol
symbol = succeed
module = 0x7f7b30737fd8
TOP fun = update_symbol
symbol = repeat
module = 0x7f7b30737fd8
TOP fun = update_symbol
symbol = fail
module = 0x7f7b30737fd8
TOP fun = update_symbol
symbol = implies
module = 0x7f7b30737fd8
TOP fun = update_symbol
symbol = undo
module = 0x7f7b30737fd8
TOP fun = update_symbol
symbol = delay_check
module = 0x7f7b30737fd8
TOP fun = update_symbol
symbol = non_strict
module = 0x7f7b30737fd8
TOP fun = update_symbol
symbol = trace
module = 0x7f7b30737fd8
TOP fun = update_symbol
symbol = step
module = 0x7f7b30737fd8
TOP fun = update_symbol
symbol = verbose
module = 0x7f7b30737fd8
TOP fun = update_symbol
symbol = warning
module = 0x7f7b30737fd8
TOP fun = update_symbol
symbol = maxint
module = 0x7f7b30737fd8
TOP fun = update_symbol
symbol = cpu_time
module = 0x7f7b30737fd8
TOP fun = update_symbol
symbol = quiet
module = 0x7f7b30737fd8
TOP fun = update_symbol
symbol = real_time
module = 0x7f7b30737fd8
TOP fun = update_symbol
symbol = local_time
module = 0x7f7b30737fd8
TOP fun = update_symbol
symbol = statistics
module = 0x7f7b30737fd8
TOP fun = update_symbol
symbol = gc
module = 0x7f7b30737fd8
TOP fun = update_symbol
symbol = system
module = 0x7f7b30737fd8
TOP fun = update_symbol
symbol = getenv
module = 0x7f7b30737fd8
TOP fun = update_symbol
symbol = encode
module = 0x7f7b30737fd8
TOP fun = update_symbol
symbol = rlist
module = 0x7f7b30737fd8
TOP fun = update_symbol
symbol = residuate
module = 0x7f7b30737fd8
TOP fun = update_symbol
symbol = mresiduate
module = 0x7f7b30737fd8
TOP fun = update_symbol
symbol = tprove
module = 0x7f7b30737fd8
TOP fun = update_symbol
symbol = strcon
module = 0x7f7b30737fd8
TOP fun = update_symbol
symbol = strlen
module = 0x7f7b30737fd8
TOP fun = update_symbol
symbol = substr
module = 0x7f7b30737fd8
TOP fun = update_symbol
symbol = append_file
module = 0x7f7b30737fd8
TOP fun = update_symbol
symbol = random
module = 0x7f7b30737fd8
TOP fun = update_symbol
symbol = initrandom
module = 0x7f7b30737fd8
TOP fun = update_symbol
symbol = set_module
module = 0x7f7b30737fd8
TOP fun = update_symbol
symbol = open_module
module = 0x7f7b30737fd8
TOP fun = update_symbol
symbol = public
module = 0x7f7b30737fd8
TOP fun = update_symbol
symbol = private
module = 0x7f7b30737fd8
TOP fun = update_symbol
symbol = display_modules
module = 0x7f7b30737fd8
TOP fun = update_symbol
symbol = trace_input
module = 0x7f7b30737fd8
TOP fun = update_symbol
symbol = substitute
module = 0x7f7b30737fd8
TOP fun = update_symbol
symbol = current_module
module = 0x7f7b30737fd8
TOP fun = update_symbol
symbol = module_name
module = 0x7f7b30737fd8
TOP fun = update_symbol
symbol = combined_name
module = 0x7f7b30737fd8
TOP fun = update_symbol
symbol = abort
module = 0x7f7b30737fd8
TOP fun = update_symbol
symbol = aborthook
module = 0x7f7b30737fd8
TOP fun = update_symbol
symbol = trace
module = 0x7f7b30737fd8
TOP fun = update_symbol
symbol = global
module = 0x7f7b30737fd8
TOP fun = update_symbol
symbol = persistent
module = 0x7f7b30737fd8
TOP fun = update_symbol
symbol = display_persistent
module = 0x7f7b30737fd8
TOP fun = update_symbol
symbol = alias
module = 0x7f7b30737fd8
TOP fun = update_symbol
symbol = private_feature
module = 0x7f7b30737fd8
TOP fun = update_symbol
symbol = features
module = 0x7f7b30737fd8
TOP fun = update_symbol
symbol = str2psi
module = 0x7f7b30737fd8
TOP fun = update_symbol
symbol = feature_values
module = 0x7f7b30737fd8
TOP fun = update_symbol
symbol = split_double
module = 0x7f7b30737fd8
TOP fun = update_symbol
symbol = string_address
module = 0x7f7b30737fd8
TOP fun = update_symbol
symbol = deref_length
module = 0x7f7b30737fd8
TOP fun = update_symbol
symbol = argv
module = 0x7f7b30737fd8
TOP fun = update_symbol
symbol = public_symbols
module = 0x7f7b30737fd8
TOP fun = set_current_module
module = 0x7f7b30737e10 
BOTTOM fun = set_current_module
TOP fun = update_symbol
symbol = bytedata
module = 0x7f7b30737e10
TOP fun = update_symbol
symbol = bitvector
module = 0x7f7b30737e10
TOP fun = update_symbol
symbol = regexp
module = 0x7f7b30737e10
TOP fun = update_symbol
symbol = stream
module = 0x7f7b30737e10
TOP fun = update_symbol
symbol = file_stream
module = 0x7f7b30737e10
TOP fun = update_symbol
symbol = socket_stream
module = 0x7f7b30737e10
TOP fun = update_symbol
symbol = process_no_children
module = 0x7f7b30737e10
TOP fun = update_symbol
symbol = process_exited
module = 0x7f7b30737e10
TOP fun = update_symbol
symbol = process_signaled
module = 0x7f7b30737e10
TOP fun = update_symbol
symbol = process_stopped
module = 0x7f7b30737e10
TOP fun = update_symbol
symbol = process_continued
module = 0x7f7b30737e10
TOP fun = update_symbol
symbol = make_bitvector
module = 0x7f7b30737e10
TOP fun = update_symbol
symbol = bitvector_and
module = 0x7f7b30737e10
TOP fun = update_symbol
symbol = bitvector_or
module = 0x7f7b30737e10
TOP fun = update_symbol
symbol = bitvector_xor
module = 0x7f7b30737e10
TOP fun = update_symbol
symbol = bitvector_not
module = 0x7f7b30737e10
TOP fun = update_symbol
symbol = bitvector_count
module = 0x7f7b30737e10
TOP fun = update_symbol
symbol = bitvector_get
module = 0x7f7b30737e10
TOP fun = update_symbol
symbol = bitvector_set
module = 0x7f7b30737e10
TOP fun = update_symbol
symbol = bitvector_clear
module = 0x7f7b30737e10
TOP fun = update_symbol
symbol = regexp_compile
module = 0x7f7b30737e10
TOP fun = update_symbol
symbol = regexp_execute
module = 0x7f7b30737e10
TOP fun = update_symbol
symbol = int2stream
module = 0x7f7b30737e10
TOP fun = update_symbol
symbol = fopen
module = 0x7f7b30737e10
TOP fun = update_symbol
symbol = fclose
module = 0x7f7b30737e10
TOP fun = update_symbol
symbol = get_buffer
module = 0x7f7b30737e10
TOP fun = update_symbol
symbol = get_record
module = 0x7f7b30737e10
TOP fun = update_symbol
symbol = get_code
module = 0x7f7b30737e10
TOP fun = update_symbol
symbol = ftell
module = 0x7f7b30737e10
TOP fun = update_symbol
symbol = fseek
module = 0x7f7b30737e10
TOP fun = update_symbol
symbol = socket
module = 0x7f7b30737e10
TOP fun = update_symbol
symbol = bind
module = 0x7f7b30737e10
TOP fun = update_symbol
symbol = connect
module = 0x7f7b30737e10
TOP fun = update_symbol
symbol = fwrite
module = 0x7f7b30737e10
TOP fun = update_symbol
symbol = fflush
module = 0x7f7b30737e10
TOP fun = update_symbol
symbol = listen
module = 0x7f7b30737e10
TOP fun = update_symbol
symbol = accept
module = 0x7f7b30737e10
TOP fun = update_symbol
symbol = errno
module = 0x7f7b30737e10
TOP fun = update_symbol
symbol = errmsg
module = 0x7f7b30737e10
TOP fun = update_symbol
symbol = import_symbol
module = 0x7f7b30737e10
TOP fun = update_symbol
symbol = fork
module = 0x7f7b30737e10
TOP fun = update_symbol
symbol = wait
module = 0x7f7b30737e10
TOP fun = update_symbol
symbol = waitpid
module = 0x7f7b30737e10
TOP fun = update_symbol
symbol = kill
module = 0x7f7b30737e10
TOP fun = update_symbol
symbol = cuserid
module = 0x7f7b30737e10
TOP fun = update_symbol
symbol = gethostname
module = 0x7f7b30737e10
TOP fun = update_symbol
symbol = lazy_project
module = 0x7f7b30737e10
TOP fun = update_symbol
symbol = wait_on_feature
module = 0x7f7b30737e10
TOP fun = update_symbol
symbol = my_wait_on_feature
module = 0x7f7b30737e10
TOP fun = update_symbol
symbol = apply1
module = 0x7f7b30737e10
TOP fun = update_symbol
symbol = getpid
module = 0x7f7b30737e10
TOP fun = update_symbol
symbol = stream2sys_stream
module = 0x7f7b30737e10
TOP fun = update_symbol
symbol = sys_stream2stream
module = 0x7f7b30737e10
TOP fun = set_current_module
module = 0x7f7b30737fd8 
BOTTOM fun = set_current_module
TOP fun = update_symbol
symbol = call_once
module = 0x7f7b30737fd8
TOP fun = set_current_module
module = 0x7f7b30737fd8 
BOTTOM fun = set_current_module
TOP fun = set_current_module
module = 0x7f7b30737e68 
BOTTOM fun = set_current_module
TOP fun = update_symbol
symbol = set_module
module = 0x7f7b30737fd8
TOP fun = update_symbol
symbol = (
module = 0x7f7b30737e68
TOP fun = update_symbol
symbol = )
module = 0x7f7b30737e68
TOP fun = c_set_module
BOTTOM fun = c_set_module 1
TOP fun = set_current_module
module = 0x7f7b30737fd8 
BOTTOM fun = set_current_module
TOP fun = update_symbol
symbol = non_strict
module = (nil)
