Copyright (C) 1991-93 DEC Paris Research Laboratory
Extensions, Copyright (C) 1994-1995 Intelligent Software Group, SFU
Ported to Linux and Cygwin December 2022 after many efforts since 1995
By Dennis J. Darland dennis.darland@hotmail.com
X interface not installed.
to open = ~/life_local/Source/.set_up
*** Using file name: '/home/dennis/life_local/Source/.set_up'
to open - expanded = /home/dennis/life_local/Source/.set_up
to open = stdin
*** Using file name: 'stdin'
to open - expanded = stdin
to open = stdin
*** Using file name: 'stdin'
to open - expanded = stdin
to open = stdin
*** Using file name: 'stdin'
to open - expanded = stdin
to open = stdin
*** Using file name: 'stdin'
to open - expanded = stdin
to open = stdin
*** Using file name: 'stdin'
to open - expanded = stdin
to open = stdin
*** Using file name: 'stdin'
to open - expanded = stdin
to open = stdin
*** Using file name: 'stdin'
to open - expanded = stdin
to open = stdin
*** Using file name: 'stdin'
to open - expanded = stdin
to open = stdin
*** Using file name: 'stdin'
to open - expanded = stdin
to open = stdin
*** Using file name: 'stdin'
to open - expanded = stdin
to open = stdin
*** Using file name: 'stdin'
to open - expanded = stdin
to open = stdin
*** Using file name: 'stdin'
to open - expanded = stdin
to open = stdin
*** Using file name: 'stdin'
to open - expanded = stdin
to open = stdin
*** Using file name: 'stdin'
to open - expanded = stdin
to open = stdin
*** Using file name: 'stdin'
to open - expanded = stdin
to open = stdin
*** Using file name: 'stdin'
to open - expanded = stdin
to open = stdin
*** Using file name: 'stdin'
to open - expanded = stdin
to open = stdin
*** Using file name: 'stdin'
to open - expanded = stdin
to open = stdin
*** Using file name: 'stdin'
to open - expanded = stdin
to open = stdin
*** Using file name: 'stdin'
to open - expanded = stdin
to open = stdin
*** Using file name: 'stdin'
to open - expanded = stdin
to open = stdin
*** Using file name: 'stdin'
to open - expanded = stdin
to open = stdin
*** Using file name: 'stdin'
to open - expanded = stdin
to open = stdin
*** Using file name: 'stdin'
to open - expanded = stdin
to open = stdin
*** Using file name: 'stdin'
to open - expanded = stdin
to open = stdin
*** Using file name: 'stdin'
to open - expanded = stdin
to open = stdin
*** Using file name: 'stdin'
to open - expanded = stdin
to open = stdin
*** Using file name: 'stdin'
to open - expanded = stdin
to open = stdin
*** Using file name: 'stdin'
to open - expanded = stdin
to open = stdin
*** Using file name: 'stdin'
to open - expanded = stdin
to open = stdin
*** Using file name: 'stdin'
to open - expanded = stdin
to open = stdin
*** Using file name: 'stdin'
to open - expanded = stdin
to open = stdin
*** Using file name: 'stdin'
to open - expanded = stdin
to open = stdin
*** Using file name: 'stdin'
to open - expanded = stdin
to open = stdin
*** Using file name: 'stdin'
to open - expanded = stdin
to open = stdin
*** Using file name: 'stdin'
to open - expanded = stdin
to open = stdin
*** Using file name: 'stdin'
to open - expanded = stdin
to open = stdin
*** Using file name: 'stdin'
to open - expanded = stdin
to open = stdin
*** Using file name: 'stdin'
to open - expanded = stdin
to open = stdin
*** Using file name: 'stdin'
to open - expanded = stdin
to open = stdin
*** Using file name: 'stdin'
to open - expanded = stdin
to open = stdin
*** Using file name: 'stdin'
to open - expanded = stdin
to open = stdin
*** Using file name: 'stdin'
to open - expanded = stdin
to open = stdin
*** Using file name: 'stdin'
to open - expanded = stdin
to open = stdin
*** Using file name: 'stdin'
to open - expanded = stdin
to open = stdin
*** Using file name: 'stdin'
to open - expanded = stdin
to open = stdin
*** Using file name: 'stdin'
to open - expanded = stdin
to open = stdin
*** Using file name: 'stdin'
to open - expanded = stdin
to open = stdin
*** Using file name: 'stdin'
to open - expanded = stdin
to open = stdin
*** Using file name: 'stdin'
to open - expanded = stdin
to open = stdin
*** Using file name: 'stdin'
to open - expanded = stdin
to open = stdin
*** Using file name: 'stdin'
to open - expanded = stdin
to open = stdin
*** Using file name: 'stdin'
to open - expanded = stdin
to open = stdin
*** Using file name: 'stdin'
to open - expanded = stdin
to open = stdin
*** Using file name: 'stdin'
to open - expanded = stdin
to open = stdin
*** Using file name: 'stdin'
to open - expanded = stdin
to open = stdin
*** Using file name: 'stdin'
to open - expanded = stdin
to open = stdin
*** Using file name: 'stdin'
to open - expanded = stdin
to open = stdin
*** Using file name: 'stdin'
to open - expanded = stdin
to open = stdin
*** Using file name: 'stdin'
to open - expanded = stdin
to open = stdin
*** Using file name: 'stdin'
to open - expanded = stdin
to open = stdin
*** Using file name: 'stdin'
to open - expanded = stdin
to open = stdin
*** Using file name: 'stdin'
to open - expanded = stdin
to open = stdin
*** Using file name: 'stdin'
to open - expanded = stdin
to open = stdin
*** Using file name: 'stdin'
to open - expanded = stdin
to open = stdin
*** Using file name: 'stdin'
to open - expanded = stdin
to open = stdin
*** Using file name: 'stdin'
to open - expanded = stdin
to open = stdin
*** Using file name: 'stdin'
to open - expanded = stdin
to open = stdin
*** Using file name: 'stdin'
to open - expanded = stdin
to open = stdin
*** Using file name: 'stdin'
to open - expanded = stdin
to open = stdin
*** Using file name: 'stdin'
to open - expanded = stdin
to open = stdin
*** Using file name: 'stdin'
to open - expanded = stdin
to open = stdin
*** Using file name: 'stdin'
to open - expanded = stdin
to open = stdin
*** Using file name: 'stdin'
to open - expanded = stdin
to open = stdin
*** Using file name: 'stdin'
to open - expanded = stdin
to open = stdin
*** Using file name: 'stdin'
to open - expanded = stdin
to open = stdin
*** Using file name: 'stdin'
to open - expanded = stdin
to open = stdin
*** Using file name: 'stdin'
to open - expanded = stdin
to open = stdin
*** Using file name: 'stdin'
to open - expanded = stdin
to open = stdin
*** Using file name: 'stdin'
to open - expanded = stdin
to open = stdin
*** Using file name: 'stdin'
to open - expanded = stdin
to open = stdin
*** Using file name: 'stdin'
to open - expanded = stdin
to open = stdin
*** Using file name: 'stdin'
to open - expanded = stdin
to open = stdin
*** Using file name: 'stdin'
to open - expanded = stdin
to open = stdin
*** Using file name: 'stdin'
to open - expanded = stdin
to open = stdin
*** Using file name: 'stdin'
to open - expanded = stdin
to open = stdin
*** Using file name: 'stdin'
to open - expanded = stdin
to open = stdin
*** Using file name: 'stdin'
to open - expanded = stdin
to open = stdin
*** Using file name: 'stdin'
to open - expanded = stdin
to open = stdin
*** Using file name: 'stdin'
to open - expanded = stdin
to open = stdin
*** Using file name: 'stdin'
to open - expanded = stdin
to open = stdin
*** Using file name: 'stdin'
to open - expanded = stdin
to open = ~/life_local/Source/built_ins.lf
*** Using file name: '/home/dennis/life_local/Source/built_ins.lf'
to open - expanded = /home/dennis/life_local/Source/built_ins.lf
to open = stdin
*** Using file name: 'stdin'
to open - expanded = stdin
to open = stdin
*** Using file name: 'stdin'
to open - expanded = stdin
to open = stdin
*** Using file name: 'stdin'
to open - expanded = stdin
to open = stdin
*** Using file name: 'stdin'
to open - expanded = stdin
to open = stdin
*** Using file name: 'stdin'
to open - expanded = stdin
to open = stdin
*** Using file name: 'stdin'
to open - expanded = stdin
to open = stdin
*** Using file name: 'stdin'
to open - expanded = stdin
to open = stdin
*** Using file name: 'stdin'
to open - expanded = stdin
to open = stdin
*** Using file name: 'stdin'
to open - expanded = stdin
to open = stdin
*** Using file name: 'stdin'
to open - expanded = stdin
to open = stdin
*** Using file name: 'stdin'
to open - expanded = stdin
to open = stdin
*** Using file name: 'stdin'
to open - expanded = stdin
to open = stdin
*** Using file name: 'stdin'
to open - expanded = stdin
to open = stdin
*** Using file name: 'stdin'
to open - expanded = stdin
to open = stdin
*** Using file name: 'stdin'
to open - expanded = stdin
to open = stdin
*** Using file name: 'stdin'
to open - expanded = stdin
to open = stdin
*** Using file name: 'stdin'
to open - expanded = stdin
to open = stdin
*** Using file name: 'stdin'
to open - expanded = stdin
to open = stdin
*** Using file name: 'stdin'
to open - expanded = stdin
In unify real result
Enter concat
str conc s1 = /tmp/.life
str conc s2 = 21207
Before  concat unify
Enter concat
str conc s1 = rm 
str conc s2 = /tmp/.life21207
Before  concat unify
Enter systemsystemIn unify real result
*** Using file name: 'stdout'
to open = stdin
*** Using file name: 'stdin'
to open - expanded = stdin
to open = stdin
*** Using file name: 'stdin'
to open - expanded = stdin
to open = stdin
*** Using file name: 'stdin'
to open - expanded = stdin
to open = stdin
*** Using file name: 'stdin'
to open - expanded = stdin
to open = stdin
*** Using file name: 'stdin'
to open - expanded = stdin
to open = stdin
*** Using file name: 'stdin'
to open - expanded = stdin
to open = stdin
*** Using file name: 'stdin'
to open - expanded = stdin
to open = stdin
*** Using file name: 'stdin'
to open - expanded = stdin
to open = stdin
*** Using file name: 'stdin'
to open - expanded = stdin
to open = stdin
*** Using file name: 'stdin'
to open - expanded = stdin
to open = stdin
*** Using file name: 'stdin'
to open - expanded = stdin
to open = stdin
*** Using file name: 'stdin'
to open - expanded = stdin
to open = stdin
*** Using file name: 'stdin'
to open - expanded = stdin
to open = stdin
*** Using file name: 'stdin'
to open - expanded = stdin
to open = stdin
*** Using file name: 'stdin'
to open - expanded = stdin
to open = stdin
*** Using file name: 'stdin'
to open - expanded = stdin
to open = stdin
*** Using file name: 'stdin'
to open - expanded = stdin
to open = stdin
*** Using file name: 'stdin'
to open - expanded = stdin
to open = stdin
*** Using file name: 'stdin'
to open - expanded = stdin
to open = stdin
*** Using file name: 'stdin'
to open - expanded = stdin
to open = ~/life_local/Source/term_expansion.lf
*** Using file name: '/home/dennis/life_local/Source/term_expansion.lf'
to open - expanded = /home/dennis/life_local/Source/term_expansion.lf
to open = stdin
*** Using file name: 'stdin'
to open - expanded = stdin
to open = stdin
*** Using file name: 'stdin'
to open - expanded = stdin
to open = stdin
*** Using file name: 'stdin'
to open - expanded = stdin
to open = stdin
*** Using file name: 'stdin'
to open - expanded = stdin
to open = stdin
*** Using file name: 'stdin'
to open - expanded = stdin
to open = stdin
*** Using file name: 'stdin'
to open - expanded = stdin
to open = stdin
*** Using file name: 'stdin'
to open - expanded = stdin
to open = stdin
*** Using file name: 'stdin'
to open - expanded = stdin
to open = stdin
*** Using file name: 'stdin'
to open - expanded = stdin
to open = stdin
*** Using file name: 'stdin'
to open - expanded = stdin
to open = stdin
*** Using file name: 'stdin'
to open - expanded = stdin
to open = stdin
*** Using file name: 'stdin'
to open - expanded = stdin
to open = stdin
*** Using file name: 'stdin'
to open - expanded = stdin
to open = stdin
*** Using file name: 'stdin'
to open - expanded = stdin
to open = stdin
*** Using file name: 'stdin'
to open - expanded = stdin
to open = ~/life_local/Source/onlinedoc.lf
*** Using file name: '/home/dennis/life_local/Source/onlinedoc.lf'
to open - expanded = /home/dennis/life_local/Source/onlinedoc.lf
to open = stdin
*** Using file name: 'stdin'
to open - expanded = stdin
to open = stdin
*** Using file name: 'stdin'
to open - expanded = stdin
to open = stdin
*** Using file name: 'stdin'
to open - expanded = stdin
to open = stdin
*** Using file name: 'stdin'
to open - expanded = stdin
to open = stdin
*** Using file name: 'stdin'
to open - expanded = stdin
to open = stdin
*** Using file name: 'stdin'
to open - expanded = stdin
traceIn unify bool result
trace2In unify bool result
to open = stdin
*** Using file name: 'stdin'
to open - expanded = stdin
In unify bool result
In unify bool result
to open = stdin
*** Using file name: 'stdin'
to open - expanded = stdin
In unify bool result
In unify bool result
to open = stdin
*** Using file name: 'stdin'
to open - expanded = stdin
In unify bool result
In unify bool result
to open = stdin
*** Using file name: 'stdin'
to open - expanded = stdin
to open = stdin
*** Using file name: 'stdin'
to open - expanded = stdin
to open = stdin
*** Using file name: 'stdin'
to open - expanded = stdin
In unify bool result
to open = stdin
*** Using file name: 'stdin'
to open - expanded = stdin
to open = stdin
*** Using file name: 'stdin'
to open - expanded = stdin
to open = stdin
*** Using file name: 'stdin'
to open - expanded = stdin
*** Using file name: './.wild_life'
*** Using file name: '/home/dennis/.wild_life'
No customizing file loaded.
realtimeIn unify real result
to open = stdin
*** Using file name: 'stdin'
to open - expanded = stdin
> to open = stdin
*** Using file name: 'stdin'
to open - expanded = stdin

*** Exiting Wild_Life  [0.010s cpu, 0.000s gc (0.0%)]
